
> client@0.0.0 dev
> vite


  [32m[1mVITE[22m v8.2.2[39m  [2mready in [0m[1m6583[22m[2m[0m ms[22m

  [32m➜[39m  [1mLocal[22m:   [36mhttp://localhost:[1m4210[22m/[39m
[2m  [32m➜[39m  [1mNetwork[22m[2m: use [22m[1m--host[22m[2m to expose[22m
[2m2:54:32 pm[22m [36m[1m[vite][22m[39m [90m[2m(client)[22m[39m [optimizer] bundling dependencies...
[2m3:03:21 pm[22m [33m[1m[vite][22m[39m [33m[2m(client)[22m[39m [2m[console.warn] [22mNo routes matched location "/bills/new" 
[2m3:03:21 pm[22m [33m[1m[vite][22m[39m [33m[2m(client)[22m[39m [2m[console.warn] [22mNo routes matched location "/bills/new" 
[2m3:15:23 pm[22m [36m[1m[vite][22m[39m [90m[2m(client)[22m[39m [32mhmr update [39m[2m/src/pages/Dashboard.tsx, /src/index.css[22m
[2m3:19:43 pm[22m [36m[1m[vite][22m[39m [90m[2m(client)[22m[39m [32mhmr update [39m[2m/src/App.tsx, /src/index.css[22m
[2m3:36:24 pm[22m [36m[1m[vite][22m[39m [90m[2m(client)[22m[39m [32mhmr update [39m[2m/src/App.tsx, /src/index.css[22m
[2m3:36:39 pm[22m [36m[1m[vite][22m[39m [90m[2m(client)[22m[39m [32mhmr update [39m[2m/src/App.tsx, /src/index.css[22m
[2m3:36:58 pm[22m [36m[1m[vite][22m[39m [90m[2m(client)[22m[39m [32mhmr update [39m[2m/src/index.css, /src/pages/Expenses.tsx[22m
[2m3:37:12 pm[22m [36m[1m[vite][22m[39m [90m[2m(client)[22m[39m [32mhmr update [39m[2m/src/index.css, /src/pages/Expenses.tsx[22m
[2m3:37:32 pm[22m [36m[1m[vite][22m[39m [90m[2m(client)[22m[39m [32mhmr update [39m[2m/src/index.css, /src/pages/Expenses.tsx[22m
[2m3:38:08 pm[22m [36m[1m[vite][22m[39m [90m[2m(client)[22m[39m [32mhmr update [39m[2m/src/pages/crm/ClientList.tsx, /src/index.css[22m
[2m3:38:52 pm[22m [36m[1m[vite][22m[39m [90m[2m(client)[22m[39m [32mhmr update [39m[2m/src/pages/crm/ClientList.tsx, /src/index.css[22m
[2m3:42:12 pm[22m [36m[1m[vite][22m[39m [90m[2m(client)[22m[39m [32mhmr update [39m[2m/src/App.tsx, /src/index.css[22m
[2m3:42:13 pm[22m [36m[1m[vite][22m[39m [90m[2m(client)[22m[39m [optimizer] bundling dependencies...
[2m3:42:26 pm[22m [36m[1m[vite][22m[39m [90m[2m(client)[22m[39m [32mdependency optimized: [33mrecharts[32m[39m
[2m3:42:31 pm[22m [36m[1m[vite][22m[39m [90m[2m(client)[22m[39m [32mhmr update [39m[2m/src/App.tsx, /src/index.css[22m
[2m3:50:39 pm[22m [36m[1m[vite][22m[39m [90m[2m(client)[22m[39m [32mhmr update [39m[2m/src/App.tsx, /src/index.css[22m
[2m3:50:51 pm[22m [36m[1m[vite][22m[39m [90m[2m(client)[22m[39m [32mhmr update [39m[2m/src/App.tsx, /src/index.css[22m
[2m4:30:52 pm[22m [31m[1m[vite][22m[39m [31m[2m(client)[22m[39m [31m[Unhandled rejection] [1mError[22m: Template not found
[39m > request src/lib/api.ts:9:10
    7  |    const data = await res.json().catch(() => ({}));
    8  |    if (!res.ok) {
    9  |      throw new Error((data as { error?: string }).error || `Request failed (${res.status})`);
       |            ^
    10 |    }
    11 |    return data as T;

[2m4:30:52 pm[22m [31m[1m[vite][22m[39m [31m[2m(client)[22m[39m [31m[Unhandled rejection] [1mError[22m: Template not found
[39m > request src/lib/api.ts:9:10
    7  |    const data = await res.json().catch(() => ({}));
    8  |    if (!res.ok) {
    9  |      throw new Error((data as { error?: string }).error || `Request failed (${res.status})`);
       |            ^
    10 |    }
    11 |    return data as T;

[2m4:31:02 pm[22m [36m[1m[vite][22m[39m [32mvite.config.ts changed, restarting server...[39m
[2m4:31:03 pm[22m [36m[1m[vite][22m[39m [90m[2m(client)[22m[39m Re-optimizing dependencies because lockfile has changed
[2m4:31:03 pm[22m [36m[1m[vite][22m[39m server restarted.
[2m4:31:05 pm[22m [36m[1m[vite][22m[39m [90m[2m(client)[22m[39m [optimizer] bundling dependencies...
[2m4:31:12 pm[22m [31m[1m[vite][22m[39m [31m[2m(client)[22m[39m [31m[Unhandled rejection] [1mError[22m: Template not found
[39m > request src/lib/api.ts:9:10
    7  |    const data = await res.json().catch(() => ({}));
    8  |    if (!res.ok) {
    9  |      throw new Error((data as { error?: string }).error || `Request failed (${res.status})`);
       |            ^
    10 |    }
    11 |    return data as T;

[2m4:31:12 pm[22m [31m[1m[vite][22m[39m [31m[2m(client)[22m[39m [31m[Unhandled rejection] [1mError[22m: Template not found
[39m > request src/lib/api.ts:9:10
    7  |    const data = await res.json().catch(() => ({}));
    8  |    if (!res.ok) {
    9  |      throw new Error((data as { error?: string }).error || `Request failed (${res.status})`);
       |            ^
    10 |    }
    11 |    return data as T;

[2m4:31:13 pm[22m [36m[1m[vite][22m[39m [32mvite.config.ts changed, restarting server...[39m
[2m4:31:13 pm[22m [36m[1m[vite][22m[39m server restarted.
[2m4:31:18 pm[22m [31m[1m[vite][22m[39m [31m[2m(client)[22m[39m [31m[Unhandled rejection] [1mError[22m: Template not found
[39m > request src/lib/api.ts:9:10
    7  |    const data = await res.json().catch(() => ({}));
    8  |    if (!res.ok) {
    9  |      throw new Error((data as { error?: string }).error || `Request failed (${res.status})`);
       |            ^
    10 |    }
    11 |    return data as T;

[2m4:31:18 pm[22m [31m[1m[vite][22m[39m [31m[2m(client)[22m[39m [31m[Unhandled rejection] [1mError[22m: Template not found
[39m > request src/lib/api.ts:9:10
    7  |    const data = await res.json().catch(() => ({}));
    8  |    if (!res.ok) {
    9  |      throw new Error((data as { error?: string }).error || `Request failed (${res.status})`);
       |            ^
    10 |    }
    11 |    return data as T;

[2m4:31:18 pm[22m [31m[1m[vite][22m[39m [31m[2m(client)[22m[39m [31m[Unhandled rejection] [1mTypeError[22m: Failed to register a ServiceWorker for scope ('http://localhost:4210/') with script ('http://localhost:4210/dev-sw.js?dev-sw'): An unknown error occurred when fetching the script.
[39m
[2m4:31:18 pm[22m [36m[1m[vite][22m[39m [90m[2m(client)[22m[39m [32mpage reload [39m[2mindex.html[22m
[2m4:31:27 pm[22m [31m[1m[vite][22m[39m [31m[2m(client)[22m[39m [31m[Unhandled rejection] [1mTypeError[22m: Failed to register a ServiceWorker for scope ('http://localhost:4210/') with script ('http://localhost:4210/dev-sw.js?dev-sw'): An unknown error occurred when fetching the script.
[39m
[2m4:31:28 pm[22m [31m[1m[vite][22m[39m [31m[2m(client)[22m[39m [31m[Unhandled rejection] [1mError[22m: Template not found
[39m > request src/lib/api.ts:9:10
    7  |    const data = await res.json().catch(() => ({}));
    8  |    if (!res.ok) {
    9  |      throw new Error((data as { error?: string }).error || `Request failed (${res.status})`);
       |            ^
    10 |    }
    11 |    return data as T;

[2m4:31:28 pm[22m [31m[1m[vite][22m[39m [31m[2m(client)[22m[39m [31m[Unhandled rejection] [1mError[22m: Template not found
[39m > request src/lib/api.ts:9:10
    7  |    const data = await res.json().catch(() => ({}));
    8  |    if (!res.ok) {
    9  |      throw new Error((data as { error?: string }).error || `Request failed (${res.status})`);
       |            ^
    10 |    }
    11 |    return data as T;

[2m4:31:35 pm[22m [31m[1m[vite][22m[39m [31m[2m(client)[22m[39m [31m[Unhandled rejection] [1mTypeError[22m: Failed to register a ServiceWorker for scope ('http://localhost:4210/') with script ('http://localhost:4210/dev-sw.js?dev-sw'): An unknown error occurred when fetching the script.
[39m
